2025-03-12 18:02:08,955 - INFO - Session ID: 202503121801491854, Ticker: NVO, Message: Starting processing TICKER.
2025-03-12 18:02:10,222 - INFO - Session ID: 202503121801491854, This is the Current Stock Price: 74.69
2025-03-12 18:02:10,224 - INFO - Session ID: 202503121801491854, FCF Row:
[69659000000.0, 70012000000.0, 64134000000.0, 47615000000.0]
2025-03-12 18:02:10,224 - INFO - Market Cap: 327606665216
2025-03-12 18:02:10,225 - INFO - Total Debt: 102786998272
2025-03-12 18:02:10,225 - INFO - Session ID: 202503121801491854, 
Revenue Row: 2024-12-31    48062000000.0
2023-12-31    32443000000.0
2022-12-31    24047000000.0
2021-12-31    17772000000.0
Name: Research And Development, dtype: object
2025-03-12 18:02:10,226 - INFO - AAGR: 0.39455401731155315
2025-03-12 18:02:10,226 - INFO - Forecasted Cash Flows: [np.float64(97143238291.90549), np.float64(136158000874.87181), np.float64(173937951394.88983), np.float64(180088156777.27615)]
2025-03-12 18:02:10,227 - INFO - Tax Rate: 0.19874999999999998
2025-03-12 18:02:10,620 - INFO - T-Bill Rate:, 4.195000171661377
2025-03-12 18:02:10,620 - INFO - Risk Free Rate:, 0.04195000171661377
2025-03-12 18:02:10,755 - INFO - This is the Cost of Equity NVO: 2.840%
2025-03-12 18:02:10,755 - INFO - Above the risk-free rate (4.195%)
2025-03-12 18:02:10,755 - INFO - This is the Total Cost of Equity required by an investor to hold NVO: 7.035%
2025-03-12 18:02:10,755 - INFO - Cost of Equity: 0.07034673620109475
2025-03-12 18:02:10,756 - INFO - Cost of Debt: 0.015634775164359956
2025-03-12 18:02:10,756 - INFO - WACC: 0.05653826210919637
2025-03-12 18:02:10,756 - INFO - Discounted CF: [np.float64(91944836998.11853), np.float64(121975528175.10944), np.float64(147481879067.4947), np.float64(144525418340.9886)]
2025-03-12 18:02:11,153 - INFO - Perpetuity Growth Rate: 0.01275
2025-03-12 18:02:11,153 - INFO - Total Present Value: 3669687790898.476
2025-03-12 18:02:11,153 - INFO - Intrinsic Value/Share: 826.2568063265345
2025-03-12 18:02:11,153 - INFO - Undervalue/Overvalue: 751.5668063265346
2025-03-12 18:02:32,884 - INFO - Session ID: 202503121801491854, Ticker: MA, Message: Starting processing TICKER.
2025-03-12 18:02:33,995 - INFO - Session ID: 202503121801491854, This is the Current Stock Price: 522.68
2025-03-12 18:02:33,996 - INFO - Session ID: 202503121801491854, FCF Row:
[13586000000.0, 10892000000.0, 10098000000.0, 8649000000.0]
2025-03-12 18:02:33,996 - INFO - Market Cap: 476308176896
2025-03-12 18:02:33,996 - INFO - Total Debt: 18986000384
2025-03-12 18:02:33,996 - INFO - Session ID: 202503121801491854, 
Revenue Row: 2024-12-31    4270000000.0
2023-12-31    3647000000.0
2022-12-31    3502000000.0
2021-12-31    3442000000.0
2020-12-31             NaN
Name: Selling General And Administration, dtype: object
2025-03-12 18:02:33,996 - INFO - AAGR: nan
2025-03-12 18:02:33,996 - INFO - Forecasted Cash Flows: [np.float64(nan), np.float64(nan), np.float64(nan), np.float64(nan)]
2025-03-12 18:02:33,997 - INFO - Tax Rate: 0.1615
2025-03-12 18:02:34,211 - INFO - T-Bill Rate:, 4.195000171661377
2025-03-12 18:02:34,211 - INFO - Risk Free Rate:, 0.04195000171661377
2025-03-12 18:02:34,230 - INFO - This is the Cost of Equity MA: 1.591%
2025-03-12 18:02:34,230 - INFO - Above the risk-free rate (4.195%)
2025-03-12 18:02:34,230 - INFO - This is the Total Cost of Equity required by an investor to hold MA: 5.786%
2025-03-12 18:02:34,230 - INFO - Cost of Equity: 0.057860043678314176
2025-03-12 18:02:34,230 - INFO - Cost of Debt: 0.034335527486212415
2025-03-12 18:02:34,230 - INFO - WACC: 0.056745721252638257
2025-03-12 18:02:34,231 - INFO - Discounted CF: [np.float64(nan), np.float64(nan), np.float64(nan), np.float64(nan)]
2025-03-12 18:02:34,557 - INFO - Perpetuity Growth Rate: 0.0178
2025-03-12 18:02:34,557 - INFO - Total Present Value: nan
2025-03-12 18:02:34,557 - INFO - Intrinsic Value/Share: nan
2025-03-12 18:02:34,557 - INFO - Undervalue/Overvalue: nan
2025-03-12 18:02:43,119 - INFO - Session ID: 202503121801491854, Ticker: TSM, Message: Starting processing TICKER.
2025-03-12 18:02:44,115 - INFO - Session ID: 202503121801491854, This is the Current Stock Price: 177.37
2025-03-12 18:02:44,119 - INFO - Session ID: 202503121801491854, FCF Row:
[870170000000.0, 286568900000.0, 520972800000.0, 262724300000.0]
2025-03-12 18:02:44,119 - INFO - Market Cap: 918797287424
2025-03-12 18:02:44,120 - INFO - Total Debt: 1050091126784
2025-03-12 18:02:44,120 - INFO - Session ID: 202503121801491854, 
Revenue Row: 2024-12-31              NaN
2023-12-31    11999400000.0
2022-12-31    11750000000.0
2021-12-31     5414200000.0
2020-12-31     2081500000.0
Name: Interest Expense Non Operating, dtype: object
2025-03-12 18:02:44,121 - INFO - AAGR: nan
2025-03-12 18:02:44,121 - INFO - Forecasted Cash Flows: [np.float64(nan), np.float64(nan), np.float64(nan), np.float64(nan)]
2025-03-12 18:02:44,122 - INFO - Tax Rate: 0.13700925
2025-03-12 18:02:44,316 - INFO - T-Bill Rate:, 4.195000171661377
2025-03-12 18:02:44,316 - INFO - Risk Free Rate:, 0.04195000171661377
2025-03-12 18:02:44,335 - INFO - This is the Cost of Equity TSM: -0.205%
2025-03-12 18:02:44,335 - INFO - Above the risk-free rate (4.195%)
2025-03-12 18:02:44,335 - INFO - This is the Total Cost of Equity required by an investor to hold TSM: 3.990%
2025-03-12 18:02:44,335 - INFO - Cost of Equity: 0.039896382516719384
2025-03-12 18:02:44,336 - INFO - Cost of Debt: 0.01084796088252891
2025-03-12 18:02:44,336 - INFO - WACC: 0.023610944730287645
2025-03-12 18:02:44,336 - INFO - Discounted CF: [np.float64(nan), np.float64(nan), np.float64(nan), np.float64(nan)]
2025-03-12 18:02:44,834 - INFO - Perpetuity Growth Rate: 0.02274
2025-03-12 18:02:44,834 - INFO - Total Present Value: nan
2025-03-12 18:02:44,834 - INFO - Intrinsic Value/Share: nan
2025-03-12 18:02:44,834 - INFO - Undervalue/Overvalue: nan
2025-03-12 18:02:54,366 - INFO - Session ID: 202503121801491854, Ticker: XOM, Message: Starting processing TICKER.
2025-03-12 18:02:55,403 - INFO - Session ID: 202503121801491854, This is the Current Stock Price: 109.11
2025-03-12 18:02:55,404 - INFO - Session ID: 202503121801491854, FCF Row:
[30716000000.0, 33450000000.0, 58390000000.0, 36053000000.0]
2025-03-12 18:02:55,404 - INFO - Market Cap: 473226608640
2025-03-12 18:02:55,404 - INFO - Total Debt: 48308998144
2025-03-12 18:02:55,404 - INFO - Session ID: 202503121801491854, 
Revenue Row: 2024-12-31     76742000000.0
2023-12-31     84142000000.0
2022-12-31    103067000000.0
2021-12-31     64886000000.0
2020-12-31               NaN
Name: Gross Profit, dtype: object
2025-03-12 18:02:55,405 - INFO - AAGR: nan
2025-03-12 18:02:55,405 - INFO - Forecasted Cash Flows: [np.float64(nan), np.float64(nan), np.float64(nan), np.float64(nan)]
2025-03-12 18:02:55,405 - INFO - Tax Rate: 0.30371975
2025-03-12 18:02:55,663 - INFO - T-Bill Rate:, 4.195000171661377
2025-03-12 18:02:55,663 - INFO - Risk Free Rate:, 0.04195000171661377
2025-03-12 18:02:55,681 - INFO - This is the Cost of Equity XOM: 3.623%
2025-03-12 18:02:55,681 - INFO - Above the risk-free rate (4.195%)
2025-03-12 18:02:55,682 - INFO - This is the Total Cost of Equity required by an investor to hold XOM: 7.818%
2025-03-12 18:02:55,682 - INFO - Cost of Equity: 0.07817605249346771
2025-03-12 18:02:55,682 - INFO - Cost of Debt: 0.02085027297014752
2025-03-12 18:02:55,682 - INFO - WACC: 0.07227947627544253
2025-03-12 18:02:55,682 - INFO - Discounted CF: [np.float64(nan), np.float64(nan), np.float64(nan), np.float64(nan)]
2025-03-12 18:02:56,155 - INFO - Perpetuity Growth Rate: 0.00875
2025-03-12 18:02:56,155 - INFO - Total Present Value: nan
2025-03-12 18:02:56,155 - INFO - Intrinsic Value/Share: nan
2025-03-12 18:02:56,155 - INFO - Undervalue/Overvalue: nan
2025-03-12 18:03:02,862 - INFO - Session ID: 202503121801491854, Ticker: ORCL, Message: Starting processing TICKER.
2025-03-12 18:03:04,001 - INFO - Session ID: 202503121801491854, This is the Current Stock Price: 149.92
2025-03-12 18:03:04,003 - INFO - Session ID: 202503121801491854, FCF Row:
[11807000000.0, 8470000000.0, 5028000000.0, 13752000000.0]
2025-03-12 18:03:04,003 - INFO - Market Cap: 417949712384
2025-03-12 18:03:04,003 - INFO - Total Debt: 110639996928
2025-03-12 18:03:04,004 - INFO - Session ID: 202503121801491854, 
Revenue Row: 2024-05-31    21747000000.0
2023-05-31    22617000000.0
2022-05-31    17733000000.0
2021-05-31    16842000000.0
2020-05-31              NaN
Name: Operating Expense, dtype: object
2025-03-12 18:03:04,005 - INFO - AAGR: nan
2025-03-12 18:03:04,006 - INFO - Forecasted Cash Flows: [np.float64(nan), np.float64(nan), np.float64(nan), np.float64(nan)]
2025-03-12 18:03:04,006 - INFO - Tax Rate: 0.14225
2025-03-12 18:03:04,245 - INFO - T-Bill Rate:, 4.195000171661377
2025-03-12 18:03:04,245 - INFO - Risk Free Rate:, 0.04195000171661377
2025-03-12 18:03:04,265 - INFO - This is the Cost of Equity ORCL: 0.749%
2025-03-12 18:03:04,265 - INFO - Above the risk-free rate (4.195%)
2025-03-12 18:03:04,265 - INFO - This is the Total Cost of Equity required by an investor to hold ORCL: 4.944%
2025-03-12 18:03:04,265 - INFO - Cost of Equity: 0.04943732892768939
2025-03-12 18:03:04,265 - INFO - Cost of Debt: 0.03635803328819445
2025-03-12 18:03:04,265 - INFO - WACC: 0.04561713428685571
2025-03-12 18:03:04,265 - INFO - Discounted CF: [np.float64(nan), np.float64(nan), np.float64(nan), np.float64(nan)]
2025-03-12 18:03:04,586 - INFO - Perpetuity Growth Rate: 0.01396
2025-03-12 18:03:04,586 - INFO - Total Present Value: nan
2025-03-12 18:03:04,586 - INFO - Intrinsic Value/Share: nan
2025-03-12 18:03:04,587 - INFO - Undervalue/Overvalue: nan
2025-03-12 18:03:16,042 - INFO - Session ID: 202503121801491854, Ticker: JNJ, Message: Starting processing TICKER.
2025-03-12 18:03:17,052 - INFO - Session ID: 202503121801491854, This is the Current Stock Price: 162.89
2025-03-12 18:03:17,053 - INFO - Session ID: 202503121801491854, FCF Row:
[18059000000.0, 17778000000.0, 17185000000.0, 19758000000.0]
2025-03-12 18:03:17,053 - INFO - Market Cap: 391695728640
2025-03-12 18:03:17,053 - INFO - Total Debt: 37833998336
2025-03-12 18:03:17,053 - INFO - Session ID: 202503121801491854, 
Revenue Row: 2024-12-31    39201000000.0
2023-12-31    35197000000.0
2022-12-31    34381000000.0
2021-12-31    34395000000.0
Name: Operating Expense, dtype: object
2025-03-12 18:03:17,054 - INFO - AAGR: 0.045695566223912056
2025-03-12 18:03:17,054 - INFO - Forecasted Cash Flows: [np.float64(18884216230.437626), np.float64(19439873523.743347), np.float64(19650125854.793285), np.float64(23624577344.621235)]
2025-03-12 18:03:17,055 - INFO - Tax Rate: 0.12458125000000002
2025-03-12 18:03:17,383 - INFO - T-Bill Rate:, 4.195000171661377
2025-03-12 18:03:17,383 - INFO - Risk Free Rate:, 0.04195000171661377
2025-03-12 18:03:17,401 - INFO - This is the Cost of Equity JNJ: 3.769%
2025-03-12 18:03:17,401 - INFO - Above the risk-free rate (4.195%)
2025-03-12 18:03:17,401 - INFO - This is the Total Cost of Equity required by an investor to hold JNJ: 7.964%
2025-03-12 18:03:17,401 - INFO - Cost of Equity: 0.07964206382795025
2025-03-12 18:03:17,401 - INFO - Cost of Debt: 0.014250963339289173
2025-03-12 18:03:17,401 - INFO - WACC: 0.0737258787188269
2025-03-12 18:03:17,402 - INFO - Discounted CF: [np.float64(17587558058.086792), np.float64(16861903287.393276), np.float64(15873952438.8061), np.float64(17774212392.80636)]
2025-03-12 18:03:17,914 - INFO - Perpetuity Growth Rate: 0.00754
2025-03-12 18:03:17,914 - INFO - Total Present Value: 320093774464.2756
2025-03-12 18:03:17,914 - INFO - Intrinsic Value/Share: 132.98884403577497
2025-03-12 18:03:17,914 - INFO - Undervalue/Overvalue: -29.901155964225012
