2025-03-12 17:56:01,267 - INFO - Session ID: 202503121755411706, Ticker: MSFT, Message: Starting processing TICKER.
2025-03-12 17:56:02,783 - INFO - Session ID: 202503121755411706, This is the Current Stock Price: 385.97
2025-03-12 17:56:02,784 - INFO - Session ID: 202503121755411706, FCF Row:
[74071000000.0, 59475000000.0, 65149000000.0, 56118000000.0]
2025-03-12 17:56:02,784 - INFO - Market Cap: 2857064464384
2025-03-12 17:56:02,784 - INFO - Total Debt: 102909001728
2025-03-12 17:56:02,784 - INFO - Session ID: 202503121755411706, 
Revenue Row: 2024-06-30    29510000000.0
2023-06-30    27195000000.0
2022-06-30    24512000000.0
2021-06-30    20716000000.0
Name: Research And Development, dtype: object
2025-03-12 17:56:02,785 - INFO - AAGR: 0.12594084756053106
2025-03-12 17:56:02,785 - INFO - Forecasted Cash Flows: [np.float64(83399564519.6561), np.float64(75399002566.41182), np.float64(92993903712.08502), np.float64(90191266353.44756)]
2025-03-12 17:56:02,786 - INFO - Tax Rate: 0.1603165
2025-03-12 17:56:03,144 - INFO - T-Bill Rate:, 4.195000171661377
2025-03-12 17:56:03,144 - INFO - Risk Free Rate:, 0.04195000171661377
2025-03-12 17:56:03,291 - INFO - This is the Cost of Equity MSFT: 0.366%
2025-03-12 17:56:03,292 - INFO - Above the risk-free rate (4.195%)
2025-03-12 17:56:03,292 - INFO - This is the Total Cost of Equity required by an investor to hold MSFT: 4.561%
2025-03-12 17:56:03,292 - INFO - Cost of Equity: 0.04561399374268778
2025-03-12 17:56:03,292 - INFO - Cost of Debt: 0.03635554410335094
2025-03-12 17:56:03,292 - INFO - WACC: 0.045089471481476164
2025-03-12 17:56:03,293 - INFO - Discounted CF: [np.float64(79801363228.19545), np.float64(69033303361.98447), np.float64(81469314352.6973), np.float64(75605013373.70833)]
2025-03-12 17:56:03,634 - INFO - Perpetuity Growth Rate: 0.02187
2025-03-12 17:56:03,634 - INFO - Total Present Value: 3489669867514.6816
2025-03-12 17:56:03,634 - INFO - Intrinsic Value/Share: 469.4114454547723
2025-03-12 17:56:03,634 - INFO - Undervalue/Overvalue: 83.44144545477229
2025-03-12 17:56:22,259 - INFO - Session ID: 202503121755411706, Ticker: WMT, Message: Starting processing TICKER.
2025-03-12 17:56:23,482 - INFO - Session ID: 202503121755411706, This is the Current Stock Price: 85.89
2025-03-12 17:56:23,482 - INFO - Session ID: 202503121755411706, FCF Row:
[15120000000.0, 11984000000.0, 11075000000.0, 25810000000.0]
2025-03-12 17:56:23,482 - INFO - Market Cap: 690068193280
2025-03-12 17:56:23,483 - INFO - Total Debt: 60114001920
2025-03-12 17:56:23,483 - INFO - Session ID: 202503121755411706, 
Revenue Row: 2024-01-31    130971000000.0
2023-01-31    127140000000.0
2022-01-31    117812000000.0
2021-01-31    116288000000.0
Name: Selling General And Administration, dtype: object
2025-03-12 17:56:23,484 - INFO - AAGR: 0.04080484172041468
2025-03-12 17:56:23,484 - INFO - Forecasted Cash Flows: [np.float64(15736969206.812672), np.float64(12981964227.087112), np.float64(12486814109.664793), np.float64(30287625030.00264)]
2025-03-12 17:56:23,484 - INFO - Tax Rate: 0.2945
2025-03-12 17:56:23,742 - INFO - T-Bill Rate:, 4.195000171661377
2025-03-12 17:56:23,742 - INFO - Risk Free Rate:, 0.04195000171661377
2025-03-12 17:56:23,761 - INFO - This is the Cost of Equity WMT: 2.501%
2025-03-12 17:56:23,762 - INFO - Above the risk-free rate (4.195%)
2025-03-12 17:56:23,762 - INFO - This is the Total Cost of Equity required by an investor to hold WMT: 6.696%
2025-03-12 17:56:23,762 - INFO - Cost of Equity: 0.06696337988599592
2025-03-12 17:56:23,762 - INFO - Cost of Debt: 0.03787170958378493
2025-03-12 17:56:23,762 - INFO - WACC: 0.06373845487904657
2025-03-12 17:56:23,762 - INFO - Discounted CF: [np.float64(14794021156.828499), np.float64(11472833447.37887), np.float64(10374019684.968052), np.float64(23655154105.288277)]
2025-03-12 17:56:24,185 - INFO - Perpetuity Growth Rate: 0.01286
2025-03-12 17:56:24,185 - INFO - Total Present Value: 502992875107.3061
2025-03-12 17:56:24,185 - INFO - Intrinsic Value/Share: 62.45255463680824
2025-03-12 17:56:24,185 - INFO - Undervalue/Overvalue: -23.437445363191763
2025-03-12 17:56:43,099 - INFO - Session ID: 202503121755411706, Ticker: NFLX, Message: Starting processing TICKER.
2025-03-12 17:56:44,163 - INFO - Session ID: 202503121755411706, This is the Current Stock Price: 961.28
2025-03-12 17:56:44,164 - INFO - Session ID: 202503121755411706, FCF Row:
[6921826000.0, 6925749000.0, 1618528000.0, -131975000.0]
2025-03-12 17:56:44,164 - INFO - Market Cap: 394746986496
2025-03-12 17:56:44,164 - INFO - Total Debt: 17994973184
2025-03-12 17:56:44,164 - INFO - Session ID: 202503121755411706, 
Revenue Row: 2024-12-31    39000966000.0
2023-12-31    33723297000.0
2022-12-31    31615550000.0
2021-12-31    29697844000.0
Name: Total Revenue, dtype: object
2025-03-12 17:56:44,164 - INFO - AAGR: 0.09591372032177213
2025-03-12 17:56:44,164 - INFO - Forecasted Cash Flows: [np.float64(7585724083.07997), np.float64(8318010729.682248), np.float64(2130341900.44839), np.float64(-190369393.89403272)]
2025-03-12 17:56:44,164 - INFO - Tax Rate: 0.1325
2025-03-12 17:56:44,336 - INFO - T-Bill Rate:, 4.195000171661377
2025-03-12 17:56:44,336 - INFO - Risk Free Rate:, 0.04195000171661377
2025-03-12 17:56:44,354 - INFO - This is the Cost of Equity NFLX: -1.206%
2025-03-12 17:56:44,354 - INFO - Above the risk-free rate (4.195%)
2025-03-12 17:56:44,354 - INFO - This is the Total Cost of Equity required by an investor to hold NFLX: 2.989%
2025-03-12 17:56:44,354 - INFO - Cost of Equity: 0.029887114636002687
2025-03-12 17:56:44,355 - INFO - Cost of Debt: 0.04909074747349497
2025-03-12 17:56:44,355 - INFO - WACC: 0.030440778049444974
2025-03-12 17:56:44,355 - INFO - Discounted CF: [np.float64(7361630328.177846), np.float64(7833816646.601235), np.float64(1947063873.2132783), np.float64(-168851522.0256257)]
2025-03-12 17:56:44,616 - INFO - Perpetuity Growth Rate: 0.03015
2025-03-12 17:56:44,616 - INFO - Total Present Value: -563551158383.2191
2025-03-12 17:56:44,616 - INFO - Intrinsic Value/Share: -1317.4560010417574
2025-03-12 17:56:44,616 - INFO - Undervalue/Overvalue: -2278.7360010417574
