2025-03-12 17:48:45,527 - INFO - Session ID: 202503121748268899, Ticker: CSCO, Message: Starting processing TICKER.
2025-03-12 17:48:48,247 - INFO - Session ID: 202503121748268899, This is the Current Stock Price: 60.93
2025-03-12 17:48:48,248 - INFO - Session ID: 202503121748268899, FCF Row:
[10210000000.0, 19037000000.0, 12749000000.0, 14762000000.0]
2025-03-12 17:48:48,249 - INFO - Market Cap: 242198298624
2025-03-12 17:48:48,249 - INFO - Total Debt: 32422000640
2025-03-12 17:48:48,249 - INFO - Session ID: 202503121748268899, 
Revenue Row: 2024-07-31    698000000.0
2023-07-31    282000000.0
2022-07-31    313000000.0
2021-07-31    215000000.0
Name: Depreciation Amortization Depletion Income Statement, dtype: object
2025-03-12 17:48:48,250 - INFO - AAGR: 0.6106499083021951
2025-03-12 17:48:48,250 - INFO - Forecasted Cash Flows: [np.float64(16444735563.765413), np.float64(49385654560.86674), np.float64(53269617422.455475), np.float64(99345868272.05055)]
2025-03-12 17:48:48,251 - INFO - Tax Rate: 0.1795
2025-03-12 17:48:49,144 - INFO - T-Bill Rate:, 4.195000171661377
2025-03-12 17:48:49,144 - INFO - Risk Free Rate:, 0.04195000171661377
2025-03-12 17:48:49,454 - INFO - This is the Cost of Equity CSCO: 1.957%
2025-03-12 17:48:49,454 - INFO - Above the risk-free rate (4.195%)
2025-03-12 17:48:49,454 - INFO - This is the Total Cost of Equity required by an investor to hold CSCO: 6.152%
2025-03-12 17:48:49,455 - INFO - Cost of Equity: 0.06151892609331026
2025-03-12 17:48:49,455 - INFO - Cost of Debt: 0.03687452395933371
2025-03-12 17:48:49,455 - INFO - WACC: 0.05782793419412899
2025-03-12 17:48:49,455 - INFO - Discounted CF: [np.float64(15545756575.518387), np.float64(44133741984.99373), np.float64(45002276513.358154), np.float64(79339541174.58813)]
2025-03-12 17:48:50,056 - INFO - Perpetuity Growth Rate: 0.01136
2025-03-12 17:48:50,056 - INFO - Total Present Value: 1816423099834.893
2025-03-12 17:48:50,056 - INFO - Intrinsic Value/Share: 453.31247812200974
2025-03-12 17:48:50,056 - INFO - Undervalue/Overvalue: 392.38247812200973
2025-03-12 17:49:09,780 - INFO - Session ID: 202503121748268899, Ticker: NVDA, Message: Starting processing TICKER.
2025-03-12 17:49:11,974 - INFO - Session ID: 202503121748268899, This is the Current Stock Price: 116.29
2025-03-12 17:49:11,977 - INFO - Session ID: 202503121748268899, FCF Row:
[60853000000.0, 27021000000.0, 3808000000.0, 8132000000.0]
2025-03-12 17:49:11,977 - INFO - Market Cap: 2835279773696
2025-03-12 17:49:11,977 - INFO - Total Debt: 10270000128
2025-03-12 17:49:11,977 - INFO - Session ID: 202503121748268899, 
Revenue Row: 2025-01-31    3491000000.0
2024-01-31    2654000000.0
2023-01-31    2440000000.0
2022-01-31    2166000000.0
Name: Selling General And Administration, dtype: object
2025-03-12 17:49:11,978 - INFO - AAGR: 0.17652613385570318
2025-03-12 17:49:11,979 - INFO - Forecasted Cash Flows: [np.float64(71595144823.5211), np.float64(37402839567.04365), np.float64(6201570357.27014), np.float64(15581299799.604364)]
2025-03-12 17:49:11,979 - INFO - Tax Rate: 0.1205
2025-03-12 17:49:12,324 - INFO - T-Bill Rate:, 4.195000171661377
2025-03-12 17:49:12,324 - INFO - Risk Free Rate:, 0.04195000171661377
2025-03-12 17:49:12,341 - INFO - This is the Cost of Equity NVDA: -3.396%
2025-03-12 17:49:12,341 - INFO - Above the risk-free rate (4.195%)
2025-03-12 17:49:12,341 - INFO - This is the Total Cost of Equity required by an investor to hold NVDA: 0.799%
2025-03-12 17:49:12,341 - INFO - Cost of Equity: 0.007993783285338243
2025-03-12 17:49:12,341 - INFO - Cost of Debt: 0.02217402850314243
2025-03-12 17:49:12,341 - INFO - WACC: 0.008035318311217421
2025-03-12 17:49:12,341 - INFO - Discounted CF: [np.float64(71024440833.54732), np.float64(36808920169.27105), np.float64(6054446266.981024), np.float64(15090397829.834494)]
2025-03-12 17:49:12,841 - INFO - Perpetuity Growth Rate: 0.0547
2025-03-12 17:49:12,841 - INFO - Total Present Value: -209371325948.94763
2025-03-12 17:49:12,841 - INFO - Intrinsic Value/Share: -8.553798502632988
2025-03-12 17:49:12,841 - INFO - Undervalue/Overvalue: -124.84379850263299
2025-03-12 17:49:34,109 - INFO - Session ID: 202503121748268899, Ticker: AMAT, Message: Starting processing TICKER.
2025-03-12 17:49:35,818 - INFO - Session ID: 202503121748268899, This is the Current Stock Price: 156.71
2025-03-12 17:49:35,820 - INFO - Session ID: 202503121748268899, FCF Row:
[7487000000.0, 7594000000.0, 4612000000.0, 4774000000.0]
2025-03-12 17:49:35,820 - INFO - Market Cap: 123084816384
2025-03-12 17:49:35,820 - INFO - Total Debt: 6588000256
2025-03-12 17:49:35,820 - INFO - Session ID: 202503121748268899, 
Revenue Row: 2024-10-31    1797000000.0
2023-10-31    1628000000.0
2022-10-31    1438000000.0
2021-10-31    1229000000.0
Name: Selling General And Administration, dtype: object
2025-03-12 17:49:35,821 - INFO - AAGR: 0.13533108872586788
2025-03-12 17:49:35,821 - INFO - Forecasted Cash Flows: [np.float64(8500223861.290572), np.float64(9788488915.722565), np.float64(6749271357.203925), np.float64(7931814261.326326)]
2025-03-12 17:49:35,822 - INFO - Tax Rate: 0.1255
2025-03-12 17:49:36,166 - INFO - T-Bill Rate:, 4.195000171661377
2025-03-12 17:49:36,166 - INFO - Risk Free Rate:, 0.04195000171661377
2025-03-12 17:49:36,186 - INFO - This is the Cost of Equity AMAT: -1.899%
2025-03-12 17:49:36,186 - INFO - Above the risk-free rate (4.195%)
2025-03-12 17:49:36,186 - INFO - This is the Total Cost of Equity required by an investor to hold AMAT: 2.296%
2025-03-12 17:49:36,186 - INFO - Cost of Equity: 0.022960975991512617
2025-03-12 17:49:36,186 - INFO - Cost of Debt: 0.03923595319799893
2025-03-12 17:49:36,186 - INFO - WACC: 0.023537654311544573
2025-03-12 17:49:36,186 - INFO - Discounted CF: [np.float64(8304749537.53218), np.float64(9343465897.094778), np.float64(6294270696.600007), np.float64(7226986419.972245)]
2025-03-12 17:49:36,670 - INFO - Perpetuity Growth Rate: 0.02192
2025-03-12 17:49:36,670 - INFO - Total Present Value: 4491680255326.414
2025-03-12 17:49:36,670 - INFO - Intrinsic Value/Share: 5491.051656878257
2025-03-12 17:49:36,670 - INFO - Undervalue/Overvalue: 5334.341656878257
