2025-03-12 18:05:10,196 - INFO - Session ID: 202503121804329107, Ticker: NVO, Message: Starting processing TICKER.
2025-03-12 18:05:11,810 - INFO - Session ID: 202503121804329107, This is the Current Stock Price: 74.83
2025-03-12 18:05:11,812 - INFO - Session ID: 202503121804329107, FCF Row:
[69659000000.0, 70012000000.0, 64134000000.0, 47615000000.0]
2025-03-12 18:05:11,812 - INFO - Market Cap: 327650476032
2025-03-12 18:05:11,813 - INFO - Total Debt: 102786998272
2025-03-12 18:05:11,813 - INFO - Session ID: 202503121804329107, 
Revenue Row: 2024-12-31    48062000000.0
2023-12-31    32443000000.0
2022-12-31    24047000000.0
2021-12-31    17772000000.0
Name: Research And Development, dtype: object
2025-03-12 18:05:11,814 - INFO - AAGR: 0.39455401731155315
2025-03-12 18:05:11,814 - INFO - Forecasted Cash Flows: [np.float64(97143238291.90549), np.float64(136158000874.87181), np.float64(173937951394.88983), np.float64(180088156777.27615)]
2025-03-12 18:05:11,814 - INFO - Tax Rate: 0.19874999999999998
2025-03-12 18:05:12,214 - INFO - T-Bill Rate:, 4.195000171661377
2025-03-12 18:05:12,214 - INFO - Risk Free Rate:, 0.04195000171661377
2025-03-12 18:05:12,358 - INFO - This is the Cost of Equity NVO: 2.840%
2025-03-12 18:05:12,358 - INFO - Above the risk-free rate (4.195%)
2025-03-12 18:05:12,358 - INFO - This is the Total Cost of Equity required by an investor to hold NVO: 7.035%
2025-03-12 18:05:12,359 - INFO - Cost of Equity: 0.07034674078045747
2025-03-12 18:05:12,359 - INFO - Cost of Debt: 0.015634775164359956
2025-03-12 18:05:12,359 - INFO - WACC: 0.05653967105006296
2025-03-12 18:05:12,359 - INFO - Discounted CF: [np.float64(91944714385.74356), np.float64(121975202856.15268), np.float64(147481289048.08957), np.float64(144524647419.209)]
2025-03-12 18:05:12,783 - INFO - Perpetuity Growth Rate: 0.01275
2025-03-12 18:05:12,783 - INFO - Total Present Value: 3669563093138.7153
2025-03-12 18:05:12,784 - INFO - Intrinsic Value/Share: 826.2287297220365
2025-03-12 18:05:12,784 - INFO - Undervalue/Overvalue: 751.3987297220365
2025-03-12 18:05:28,081 - INFO - Session ID: 202503121804329107, Ticker: JNJ, Message: Starting processing TICKER.
2025-03-12 18:05:29,331 - INFO - Session ID: 202503121804329107, This is the Current Stock Price: 162.96
2025-03-12 18:05:29,336 - INFO - Session ID: 202503121804329107, FCF Row:
[18059000000.0, 17778000000.0, 17185000000.0, 19758000000.0]
2025-03-12 18:05:29,337 - INFO - Market Cap: 391792001024
2025-03-12 18:05:29,337 - INFO - Total Debt: 37833998336
2025-03-12 18:05:29,337 - INFO - Session ID: 202503121804329107, 
Revenue Row: 2024-12-31    39201000000.0
2023-12-31    35197000000.0
2022-12-31    34381000000.0
2021-12-31    34395000000.0
Name: Operating Expense, dtype: object
2025-03-12 18:05:29,339 - INFO - AAGR: 0.045695566223912056
2025-03-12 18:05:29,339 - INFO - Forecasted Cash Flows: [np.float64(18884216230.437626), np.float64(19439873523.743347), np.float64(19650125854.793285), np.float64(23624577344.621235)]
2025-03-12 18:05:29,340 - INFO - Tax Rate: 0.12458125000000002
2025-03-12 18:05:29,632 - INFO - T-Bill Rate:, 4.195000171661377
2025-03-12 18:05:29,633 - INFO - Risk Free Rate:, 0.04195000171661377
2025-03-12 18:05:29,651 - INFO - This is the Cost of Equity JNJ: 3.769%
2025-03-12 18:05:29,652 - INFO - Above the risk-free rate (4.195%)
2025-03-12 18:05:29,652 - INFO - This is the Total Cost of Equity required by an investor to hold JNJ: 7.964%
2025-03-12 18:05:29,652 - INFO - Cost of Equity: 0.07964206717519716
2025-03-12 18:05:29,652 - INFO - Cost of Debt: 0.014250963339289173
2025-03-12 18:05:29,652 - INFO - WACC: 0.07372720749471583
2025-03-12 18:05:29,652 - INFO - Discounted CF: [np.float64(17587536292.85357), np.float64(16861861553.000204), np.float64(15873893505.124405), np.float64(17774124408.071075)]
2025-03-12 18:05:30,162 - INFO - Perpetuity Growth Rate: 0.00754
2025-03-12 18:05:30,162 - INFO - Total Present Value: 320086945729.6583
2025-03-12 18:05:30,162 - INFO - Intrinsic Value/Share: 132.98600691242106
2025-03-12 18:05:30,162 - INFO - Undervalue/Overvalue: -29.973993087578947
