2025-03-12 17:52:05,153 - INFO - Session ID: 202503121751365723, Ticker: MSFT, Message: Starting processing TICKER.
2025-03-12 17:52:08,084 - INFO - Session ID: 202503121751365723, This is the Current Stock Price: 385.97
2025-03-12 17:52:08,087 - INFO - Session ID: 202503121751365723, FCF Row:
[74071000000.0, 59475000000.0, 65149000000.0, 56118000000.0]
2025-03-12 17:52:08,087 - INFO - Market Cap: 2859220074496
2025-03-12 17:52:08,087 - INFO - Total Debt: 102909001728
2025-03-12 17:52:08,088 - INFO - Session ID: 202503121751365723, 
Revenue Row: 2024-06-30    29510000000.0
2023-06-30    27195000000.0
2022-06-30    24512000000.0
2021-06-30    20716000000.0
Name: Research And Development, dtype: object
2025-03-12 17:52:08,089 - INFO - AAGR: 0.12594084756053106
2025-03-12 17:52:08,089 - INFO - Forecasted Cash Flows: [np.float64(83399564519.6561), np.float64(75399002566.41182), np.float64(92993903712.08502), np.float64(90191266353.44756)]
2025-03-12 17:52:08,090 - INFO - Tax Rate: 0.1603165
2025-03-12 17:52:08,831 - INFO - T-Bill Rate:, 4.195000171661377
2025-03-12 17:52:08,831 - INFO - Risk Free Rate:, 0.04195000171661377
2025-03-12 17:52:09,199 - INFO - This is the Cost of Equity MSFT: 0.366%
2025-03-12 17:52:09,199 - INFO - Above the risk-free rate (4.195%)
2025-03-12 17:52:09,199 - INFO - This is the Total Cost of Equity required by an investor to hold MSFT: 4.561%
2025-03-12 17:52:09,199 - INFO - Cost of Equity: 0.04561398803354706
2025-03-12 17:52:09,200 - INFO - Cost of Debt: 0.03635554410335094
2025-03-12 17:52:09,200 - INFO - WACC: 0.04508984767770928
2025-03-12 17:52:09,200 - INFO - Discounted CF: [np.float64(79801334502.46216), np.float64(69033253662.78575), np.float64(81469226374.31476), np.float64(75604904512.9977)]
2025-03-12 17:52:09,703 - INFO - Perpetuity Growth Rate: 0.02187
2025-03-12 17:52:09,703 - INFO - Total Present Value: 3489612280444.013
2025-03-12 17:52:09,703 - INFO - Intrinsic Value/Share: 469.4036991546613
2025-03-12 17:52:09,703 - INFO - Undervalue/Overvalue: 83.43369915466127
2025-03-12 17:52:25,561 - INFO - Session ID: 202503121751365723, Ticker: LLY, Message: Starting processing TICKER.
2025-03-12 17:52:26,731 - INFO - Session ID: 202503121751365723, This is the Current Stock Price: 826.52
2025-03-12 17:52:26,731 - INFO - Session ID: 202503121751365723, FCF Row:
[414300000.0, -3152000000.0, 4600400000.0, 5387500000.0]
2025-03-12 17:52:26,731 - INFO - Market Cap: 740235739136
2025-03-12 17:52:26,732 - INFO - Total Debt: 34910601216
2025-03-12 17:52:26,732 - INFO - Session ID: 202503121751365723, 
Revenue Row: 2024-12-31    780600000.0
2023-12-31    485900000.0
2022-12-31    331600000.0
2021-12-31    339800000.0
2020-12-31            NaN
Name: Interest Expense Non Operating, dtype: object
2025-03-12 17:52:26,732 - INFO - AAGR: nan
2025-03-12 17:52:26,732 - INFO - Forecasted Cash Flows: [np.float64(nan), np.float64(nan), np.float64(nan), np.float64(nan)]
2025-03-12 17:52:26,733 - INFO - Tax Rate: 0.1355
2025-03-12 17:52:26,983 - INFO - T-Bill Rate:, 4.195000171661377
2025-03-12 17:52:26,983 - INFO - Risk Free Rate:, 0.04195000171661377
2025-03-12 17:52:27,002 - INFO - This is the Cost of Equity LLY: 2.604%
2025-03-12 17:52:27,003 - INFO - Above the risk-free rate (4.195%)
2025-03-12 17:52:27,003 - INFO - This is the Total Cost of Equity required by an investor to hold LLY: 6.799%
2025-03-12 17:52:27,003 - INFO - Cost of Equity: 0.06798819838999202
2025-03-12 17:52:27,003 - INFO - Cost of Debt: 0.02106577906096999
2025-03-12 17:52:27,003 - INFO - WACC: 0.06574637764600695
2025-03-12 17:52:27,003 - INFO - Discounted CF: [np.float64(nan), np.float64(nan), np.float64(nan), np.float64(nan)]
2025-03-12 17:52:27,496 - INFO - Perpetuity Growth Rate: 0.02473
2025-03-12 17:52:27,496 - INFO - Total Present Value: nan
2025-03-12 17:52:27,496 - INFO - Intrinsic Value/Share: nan
2025-03-12 17:52:27,496 - INFO - Undervalue/Overvalue: nan
2025-03-12 17:52:40,350 - INFO - Session ID: 202503121751365723, Ticker: WMT, Message: Starting processing TICKER.
2025-03-12 17:52:41,328 - INFO - Session ID: 202503121751365723, This is the Current Stock Price: 85.94
2025-03-12 17:52:41,329 - INFO - Session ID: 202503121751365723, FCF Row:
[15120000000.0, 11984000000.0, 11075000000.0, 25810000000.0]
2025-03-12 17:52:41,330 - INFO - Market Cap: 689599021056
2025-03-12 17:52:41,330 - INFO - Total Debt: 60114001920
2025-03-12 17:52:41,330 - INFO - Session ID: 202503121751365723, 
Revenue Row: 2024-01-31    130971000000.0
2023-01-31    127140000000.0
2022-01-31    117812000000.0
2021-01-31    116288000000.0
Name: Selling General And Administration, dtype: object
2025-03-12 17:52:41,332 - INFO - AAGR: 0.04080484172041468
2025-03-12 17:52:41,332 - INFO - Forecasted Cash Flows: [np.float64(15736969206.812672), np.float64(12981964227.087112), np.float64(12486814109.664793), np.float64(30287625030.00264)]
2025-03-12 17:52:41,332 - INFO - Tax Rate: 0.2945
2025-03-12 17:52:41,610 - INFO - T-Bill Rate:, 4.195000171661377
2025-03-12 17:52:41,610 - INFO - Risk Free Rate:, 0.04195000171661377
2025-03-12 17:52:41,629 - INFO - This is the Cost of Equity WMT: 2.501%
2025-03-12 17:52:41,629 - INFO - Above the risk-free rate (4.195%)
2025-03-12 17:52:41,629 - INFO - This is the Total Cost of Equity required by an investor to hold WMT: 6.696%
2025-03-12 17:52:41,629 - INFO - Cost of Equity: 0.06696338147140574
2025-03-12 17:52:41,630 - INFO - Cost of Debt: 0.03787170958378493
2025-03-12 17:52:41,630 - INFO - WACC: 0.06373643817146067
2025-03-12 17:52:41,630 - INFO - Discounted CF: [np.float64(14794049204.39143), np.float64(11472876949.455788), np.float64(10374078688.504381), np.float64(23655333494.327446)]
2025-03-12 17:52:42,526 - INFO - Perpetuity Growth Rate: 0.01286
2025-03-12 17:52:42,526 - INFO - Total Present Value: 503014929916.90454
2025-03-12 17:52:42,526 - INFO - Intrinsic Value/Share: 62.45529300402896
2025-03-12 17:52:42,526 - INFO - Undervalue/Overvalue: -23.484706995971038
2025-03-12 17:53:04,211 - INFO - Session ID: 202503121751365723, Ticker: IBM, Message: Starting processing TICKER.
2025-03-12 17:53:05,271 - INFO - Session ID: 202503121751365723, This is the Current Stock Price: 250.55
2025-03-12 17:53:05,271 - INFO - Session ID: 202503121751365723, FCF Row:
[11760000000.0, 12121000000.0, 8463000000.0, 10028000000.0]
2025-03-12 17:53:05,272 - INFO - Market Cap: 231528546304
2025-03-12 17:53:05,272 - INFO - Total Debt: 58396000256
2025-03-12 17:53:05,272 - INFO - Session ID: 202503121751365723, 
Revenue Row: 2024-12-31    747000000.0
2023-12-31    670000000.0
2022-12-31    162000000.0
2021-12-31     52000000.0
2020-12-31            NaN
Name: Interest Income Non Operating, dtype: object
2025-03-12 17:53:05,272 - INFO - AAGR: nan
2025-03-12 17:53:05,272 - INFO - Forecasted Cash Flows: [np.float64(nan), np.float64(nan), np.float64(nan), np.float64(nan)]
2025-03-12 17:53:05,272 - INFO - Tax Rate: 0.14515899999999998
2025-03-12 17:53:05,519 - INFO - T-Bill Rate:, 4.195000171661377
2025-03-12 17:53:05,519 - INFO - Risk Free Rate:, 0.04195000171661377
2025-03-12 17:53:05,539 - INFO - This is the Cost of Equity IBM: 2.398%
2025-03-12 17:53:05,539 - INFO - Above the risk-free rate (4.195%)
2025-03-12 17:53:05,539 - INFO - This is the Total Cost of Equity required by an investor to hold IBM: 6.593%
2025-03-12 17:53:05,539 - INFO - Cost of Equity: 0.06592777870255277
2025-03-12 17:53:05,539 - INFO - Cost of Debt: 0.02501285810368247
2025-03-12 17:53:05,539 - INFO - WACC: 0.05695546378816756
2025-03-12 17:53:05,539 - INFO - Discounted CF: [np.float64(nan), np.float64(nan), np.float64(nan), np.float64(nan)]
2025-03-12 17:53:06,131 - INFO - Perpetuity Growth Rate: 0.00998
2025-03-12 17:53:06,131 - INFO - Total Present Value: nan
2025-03-12 17:53:06,131 - INFO - Intrinsic Value/Share: nan
2025-03-12 17:53:06,131 - INFO - Undervalue/Overvalue: nan
2025-03-12 17:53:24,070 - INFO - Session ID: 202503121751365723, Ticker: NFLX, Message: Starting processing TICKER.
2025-03-12 17:53:25,571 - INFO - Session ID: 202503121751365723, This is the Current Stock Price: 961.28
2025-03-12 17:53:25,574 - INFO - Session ID: 202503121751365723, FCF Row:
[6921826000.0, 6925749000.0, 1618528000.0, -131975000.0]
2025-03-12 17:53:25,574 - INFO - Market Cap: 393842294784
2025-03-12 17:53:25,574 - INFO - Total Debt: 17994973184
2025-03-12 17:53:25,574 - INFO - Session ID: 202503121751365723, 
Revenue Row: 2024-12-31    39000966000.0
2023-12-31    33723297000.0
2022-12-31    31615550000.0
2021-12-31    29697844000.0
Name: Total Revenue, dtype: object
2025-03-12 17:53:25,577 - INFO - AAGR: 0.09591372032177213
2025-03-12 17:53:25,577 - INFO - Forecasted Cash Flows: [np.float64(7585724083.07997), np.float64(8318010729.682248), np.float64(2130341900.44839), np.float64(-190369393.89403272)]
2025-03-12 17:53:25,578 - INFO - Tax Rate: 0.1325
2025-03-12 17:53:25,761 - INFO - T-Bill Rate:, 4.195000171661377
2025-03-12 17:53:25,761 - INFO - Risk Free Rate:, 0.04195000171661377
2025-03-12 17:53:25,780 - INFO - This is the Cost of Equity NFLX: -1.206%
2025-03-12 17:53:25,781 - INFO - Above the risk-free rate (4.195%)
2025-03-12 17:53:25,781 - INFO - This is the Total Cost of Equity required by an investor to hold NFLX: 2.989%
2025-03-12 17:53:25,781 - INFO - Cost of Equity: 0.029887114636002687
2025-03-12 17:53:25,781 - INFO - Cost of Debt: 0.04909074747349497
2025-03-12 17:53:25,781 - INFO - WACC: 0.030441994293676226
2025-03-12 17:53:25,781 - INFO - Discounted CF: [np.float64(7361621639.148799), np.float64(7833798153.898618), np.float64(1947056978.7861633), np.float64(-168850724.8363529)]
2025-03-12 17:53:26,107 - INFO - Perpetuity Growth Rate: 0.03015
2025-03-12 17:53:26,107 - INFO - Total Present Value: -561129719117.1542
2025-03-12 17:53:26,108 - INFO - Intrinsic Value/Share: -1311.7952200376199
2025-03-12 17:53:26,108 - INFO - Undervalue/Overvalue: -2273.07522003762
