2025-03-12 18:01:00,843 - INFO - Session ID: 202503121800104016, Ticker: PG, Message: Starting processing TICKER.
2025-03-12 18:01:02,247 - INFO - Session ID: 202503121800104016, This is the Current Stock Price: 168.3
2025-03-12 18:01:02,249 - INFO - Session ID: 202503121800104016, FCF Row:
[16524000000.0, 13786000000.0, 13567000000.0, 15584000000.0]
2025-03-12 18:01:02,249 - INFO - Market Cap: 394380312576
2025-03-12 18:01:02,249 - INFO - Total Debt: 34687000576
2025-03-12 18:01:02,249 - INFO - Session ID: 202503121800104016, 
Revenue Row: 2024-06-30    19886000000.0
2023-06-30    18134000000.0
2022-06-30    17813000000.0
2021-06-30    17986000000.0
Name: Operating Income, dtype: object
2025-03-12 18:01:02,251 - INFO - AAGR: 0.035005349874431844
2025-03-12 18:01:02,251 - INFO - Forecasted Cash Flows: [np.float64(17102428401.325111), np.float64(14768060519.86823), np.float64(15042208665.474598), np.float64(17883368190.678806)]
2025-03-12 18:01:02,251 - INFO - Tax Rate: 0.14550000000000002
2025-03-12 18:01:02,702 - INFO - T-Bill Rate:, 4.195000171661377
2025-03-12 18:01:02,702 - INFO - Risk Free Rate:, 0.04195000171661377
2025-03-12 18:01:02,882 - INFO - This is the Cost of Equity PG: 3.030%
2025-03-12 18:01:02,882 - INFO - Above the risk-free rate (4.195%)
2025-03-12 18:01:02,882 - INFO - This is the Total Cost of Equity required by an investor to hold PG: 7.225%
2025-03-12 18:01:02,883 - INFO - Cost of Equity: 0.07224644999546109
2025-03-12 18:01:02,883 - INFO - Cost of Debt: 0.019578268271557002
2025-03-12 18:01:02,883 - INFO - WACC: 0.06775831515070548
2025-03-12 18:01:02,883 - INFO - Discounted CF: [np.float64(16017134363.32382), np.float64(12953213956.021389), np.float64(12356421725.8806), np.float64(13758068562.348745)]
2025-03-12 18:01:03,456 - INFO - Perpetuity Growth Rate: 0.00965
2025-03-12 18:01:03,456 - INFO - Total Present Value: 278965753800.1653
2025-03-12 18:01:03,456 - INFO - Intrinsic Value/Share: 118.35372414946976
2025-03-12 18:01:03,456 - INFO - Undervalue/Overvalue: -49.946275850530256
2025-03-12 18:01:13,099 - INFO - Session ID: 202503121800104016, Ticker: V, Message: Starting processing TICKER.
2025-03-12 18:01:14,247 - INFO - Session ID: 202503121800104016, This is the Current Stock Price: 330.67
2025-03-12 18:01:14,247 - INFO - Session ID: 202503121800104016, FCF Row:
[18693000000.0, 19696000000.0, 17879000000.0, 14522000000.0]
2025-03-12 18:01:14,247 - INFO - Market Cap: 637605314560
2025-03-12 18:01:14,247 - INFO - Total Debt: 20608999424
2025-03-12 18:01:14,247 - INFO - Session ID: 202503121800104016, 
Revenue Row: 2024-09-30    1560000000.0
2023-09-30    1341000000.0
2022-09-30    1336000000.0
2021-09-30    1136000000.0
Name: Selling And Marketing Expense, dtype: object
2025-03-12 18:01:14,248 - INFO - AAGR: 0.11436993832230298
2025-03-12 18:01:14,248 - INFO - Forecasted Cash Flows: [np.float64(20830917257.058807), np.float64(24458893799.46038), np.float64(24741805471.78678), np.float64(22394634765.820225)]
2025-03-12 18:01:14,248 - INFO - Tax Rate: 0.1905
2025-03-12 18:01:14,487 - INFO - T-Bill Rate:, 4.195000171661377
2025-03-12 18:01:14,487 - INFO - Risk Free Rate:, 0.04195000171661377
2025-03-12 18:01:14,507 - INFO - This is the Cost of Equity V: 1.740%
2025-03-12 18:01:14,507 - INFO - Above the risk-free rate (4.195%)
2025-03-12 18:01:14,507 - INFO - This is the Total Cost of Equity required by an investor to hold V: 5.935%
2025-03-12 18:01:14,507 - INFO - Cost of Equity: 0.059346624980097545
2025-03-12 18:01:14,508 - INFO - Cost of Debt: 0.027571229610745224
2025-03-12 18:01:14,508 - INFO - WACC: 0.058187269838677474
2025-03-12 18:01:14,508 - INFO - Discounted CF: [np.float64(19685473309.686024), np.float64(21842972859.53433), np.float64(20880639249.419422), np.float64(17860509905.564724)]
2025-03-12 18:01:14,826 - INFO - Perpetuity Growth Rate: 0.0159
2025-03-12 18:01:14,826 - INFO - Total Present Value: 485752579687.8723
2025-03-12 18:01:14,826 - INFO - Intrinsic Value/Share: 250.17049972155993
2025-03-12 18:01:14,826 - INFO - Undervalue/Overvalue: -80.49950027844008
