2025-03-12 17:58:07,897 - INFO - Session ID: 202503121757549648, Ticker: PG, Message: Starting processing TICKER.
2025-03-12 17:58:09,455 - INFO - Session ID: 202503121757549648, This is the Current Stock Price: 168.41
2025-03-12 17:58:09,457 - INFO - Session ID: 202503121757549648, FCF Row:
[16524000000.0, 13786000000.0, 13567000000.0, 15584000000.0]
2025-03-12 17:58:09,458 - INFO - Market Cap: 394503389184
2025-03-12 17:58:09,458 - INFO - Total Debt: 34687000576
2025-03-12 17:58:09,458 - INFO - Session ID: 202503121757549648, 
Revenue Row: 2024-06-30    19886000000.0
2023-06-30    18134000000.0
2022-06-30    17813000000.0
2021-06-30    17986000000.0
Name: Operating Income, dtype: object
2025-03-12 17:58:09,460 - INFO - AAGR: 0.035005349874431844
2025-03-12 17:58:09,461 - INFO - Forecasted Cash Flows: [np.float64(17102428401.325111), np.float64(14768060519.86823), np.float64(15042208665.474598), np.float64(17883368190.678806)]
2025-03-12 17:58:09,462 - INFO - Tax Rate: 0.14550000000000002
2025-03-12 17:58:09,875 - INFO - T-Bill Rate:, 4.195000171661377
2025-03-12 17:58:09,875 - INFO - Risk Free Rate:, 0.04195000171661377
2025-03-12 17:58:10,047 - INFO - This is the Cost of Equity PG: 3.030%
2025-03-12 17:58:10,047 - INFO - Above the risk-free rate (4.195%)
2025-03-12 17:58:10,047 - INFO - This is the Total Cost of Equity required by an investor to hold PG: 7.225%
2025-03-12 17:58:10,047 - INFO - Cost of Equity: 0.07224644595251861
2025-03-12 17:58:10,048 - INFO - Cost of Debt: 0.019578268271557002
2025-03-12 17:58:10,048 - INFO - WACC: 0.06775959847267998
2025-03-12 17:58:10,048 - INFO - Discounted CF: [np.float64(16017115112.604347), np.float64(12953182819.548079), np.float64(12356377173.019196), np.float64(13758002420.120075)]
2025-03-12 17:58:10,489 - INFO - Perpetuity Growth Rate: 0.00965
2025-03-12 17:58:10,489 - INFO - Total Present Value: 278959303057.4611
2025-03-12 17:58:10,489 - INFO - Intrinsic Value/Share: 118.35098736399638
2025-03-12 17:58:10,489 - INFO - Undervalue/Overvalue: -50.059012636003615
2025-03-12 17:58:55,515 - INFO - Session ID: 202503121757549648, Ticker: V, Message: Starting processing TICKER.
2025-03-12 17:58:56,613 - INFO - Session ID: 202503121757549648, This is the Current Stock Price: 330.6
2025-03-12 17:58:56,613 - INFO - Session ID: 202503121757549648, FCF Row:
[18693000000.0, 19696000000.0, 17879000000.0, 14522000000.0]
2025-03-12 17:58:56,613 - INFO - Market Cap: 637595680768
2025-03-12 17:58:56,613 - INFO - Total Debt: 20608999424
2025-03-12 17:58:56,613 - INFO - Session ID: 202503121757549648, 
Revenue Row: 2024-09-30    1560000000.0
2023-09-30    1341000000.0
2022-09-30    1336000000.0
2021-09-30    1136000000.0
Name: Selling And Marketing Expense, dtype: object
2025-03-12 17:58:56,614 - INFO - AAGR: 0.11436993832230298
2025-03-12 17:58:56,614 - INFO - Forecasted Cash Flows: [np.float64(20830917257.058807), np.float64(24458893799.46038), np.float64(24741805471.78678), np.float64(22394634765.820225)]
2025-03-12 17:58:56,614 - INFO - Tax Rate: 0.1905
2025-03-12 17:58:56,825 - INFO - T-Bill Rate:, 4.195000171661377
2025-03-12 17:58:56,825 - INFO - Risk Free Rate:, 0.04195000171661377
2025-03-12 17:58:56,842 - INFO - This is the Cost of Equity V: 1.740%
2025-03-12 17:58:56,842 - INFO - Above the risk-free rate (4.195%)
2025-03-12 17:58:56,842 - INFO - This is the Total Cost of Equity required by an investor to hold V: 5.935%
2025-03-12 17:58:56,842 - INFO - Cost of Equity: 0.05934662527838776
2025-03-12 17:58:56,842 - INFO - Cost of Debt: 0.027571229610745224
2025-03-12 17:58:56,842 - INFO - WACC: 0.05818725315876306
2025-03-12 17:58:56,842 - INFO - Discounted CF: [np.float64(19685473619.98272), np.float64(21842973548.143867), np.float64(20880640236.82674), np.float64(17860511031.685955)]
2025-03-12 17:58:57,151 - INFO - Perpetuity Growth Rate: 0.0159
2025-03-12 17:58:57,151 - INFO - Total Present Value: 485752774697.8616
2025-03-12 17:58:57,151 - INFO - Intrinsic Value/Share: 250.17060015488445
2025-03-12 17:58:57,151 - INFO - Undervalue/Overvalue: -80.42939984511557
2025-03-12 17:59:09,501 - INFO - Session ID: 202503121757549648, Ticker: XOM, Message: Starting processing TICKER.
2025-03-12 17:59:10,558 - INFO - Session ID: 202503121757549648, This is the Current Stock Price: 109.14
2025-03-12 17:59:10,559 - INFO - Session ID: 202503121757549648, FCF Row:
[30716000000.0, 33450000000.0, 58390000000.0, 36053000000.0]
2025-03-12 17:59:10,559 - INFO - Market Cap: 473486983168
2025-03-12 17:59:10,559 - INFO - Total Debt: 48308998144
2025-03-12 17:59:10,559 - INFO - Session ID: 202503121757549648, 
Revenue Row: 2024-12-31     76742000000.0
2023-12-31     84142000000.0
2022-12-31    103067000000.0
2021-12-31     64886000000.0
2020-12-31               NaN
Name: Gross Profit, dtype: object
2025-03-12 17:59:10,559 - INFO - AAGR: nan
2025-03-12 17:59:10,559 - INFO - Forecasted Cash Flows: [np.float64(nan), np.float64(nan), np.float64(nan), np.float64(nan)]
2025-03-12 17:59:10,560 - INFO - Tax Rate: 0.30371975
2025-03-12 17:59:10,786 - INFO - T-Bill Rate:, 4.195000171661377
2025-03-12 17:59:10,786 - INFO - Risk Free Rate:, 0.04195000171661377
2025-03-12 17:59:10,805 - INFO - This is the Cost of Equity XOM: 3.623%
2025-03-12 17:59:10,805 - INFO - Above the risk-free rate (4.195%)
2025-03-12 17:59:10,805 - INFO - This is the Total Cost of Equity required by an investor to hold XOM: 7.818%
2025-03-12 17:59:10,805 - INFO - Cost of Equity: 0.0781760578807471
2025-03-12 17:59:10,806 - INFO - Cost of Debt: 0.02085027297014752
2025-03-12 17:59:10,806 - INFO - WACC: 0.07228242353665441
2025-03-12 17:59:10,806 - INFO - Discounted CF: [np.float64(nan), np.float64(nan), np.float64(nan), np.float64(nan)]
2025-03-12 17:59:11,206 - INFO - Perpetuity Growth Rate: 0.00875
2025-03-12 17:59:11,206 - INFO - Total Present Value: nan
2025-03-12 17:59:11,206 - INFO - Intrinsic Value/Share: nan
2025-03-12 17:59:11,206 - INFO - Undervalue/Overvalue: nan
2025-03-12 17:59:23,411 - INFO - Session ID: 202503121757549648, Ticker: UNH, Message: Starting processing TICKER.
2025-03-12 17:59:24,629 - INFO - Session ID: 202503121757549648, This is the Current Stock Price: 481.35
2025-03-12 17:59:24,631 - INFO - Session ID: 202503121757549648, FCF Row:
[20705000000.0, 25682000000.0, 23404000000.0, 19889000000.0]
2025-03-12 17:59:24,632 - INFO - Market Cap: 440607637504
2025-03-12 17:59:24,632 - INFO - Total Debt: 81792999424
2025-03-12 17:59:24,632 - INFO - Session ID: 202503121757549648, 
Revenue Row: 2024-12-31    4099000000.0
2023-12-31    3972000000.0
2022-12-31    3400000000.0
2021-12-31    3103000000.0
2020-12-31             NaN
Name: Depreciation And Amortization In Income Statement, dtype: object
2025-03-12 17:59:24,634 - INFO - AAGR: nan
2025-03-12 17:59:24,634 - INFO - Forecasted Cash Flows: [np.float64(nan), np.float64(nan), np.float64(nan), np.float64(nan)]
2025-03-12 17:59:24,634 - INFO - Tax Rate: 0.21699999999999997
2025-03-12 17:59:24,881 - INFO - T-Bill Rate:, 4.195000171661377
2025-03-12 17:59:24,881 - INFO - Risk Free Rate:, 0.04195000171661377
2025-03-12 17:59:24,899 - INFO - This is the Cost of Equity UNH: 3.855%
2025-03-12 17:59:24,899 - INFO - Above the risk-free rate (4.195%)
2025-03-12 17:59:24,899 - INFO - This is the Total Cost of Equity required by an investor to hold UNH: 8.050%
2025-03-12 17:59:24,899 - INFO - Cost of Equity: 0.08050401353234335
2025-03-12 17:59:24,900 - INFO - Cost of Debt: 0.04486005916064295
2025-03-12 17:59:24,900 - INFO - WACC: 0.07339902457344774
2025-03-12 17:59:24,900 - INFO - Discounted CF: [np.float64(nan), np.float64(nan), np.float64(nan), np.float64(nan)]
2025-03-12 17:59:25,269 - INFO - Perpetuity Growth Rate: 0.01493
2025-03-12 17:59:25,269 - INFO - Total Present Value: nan
2025-03-12 17:59:25,269 - INFO - Intrinsic Value/Share: nan
2025-03-12 17:59:25,269 - INFO - Undervalue/Overvalue: nan
2025-03-12 17:59:39,686 - INFO - Session ID: 202503121757549648, Ticker: AXP, Message: Starting processing TICKER.
2025-03-12 17:59:40,768 - INFO - Session ID: 202503121757549648, This is the Current Stock Price: 258.89
2025-03-12 17:59:40,768 - INFO - Session ID: 202503121757549648, FCF Row:
[12139000000.0, 16996000000.0, 19224000000.0, 13095000000.0]
2025-03-12 17:59:40,768 - INFO - Market Cap: 182321086464
2025-03-12 17:59:40,768 - INFO - Total Debt: 55482998784
2025-03-12 17:59:51,015 - INFO - Session ID: 202503121757549648, Ticker: VZ, Message: Starting processing TICKER.
2025-03-12 17:59:52,381 - INFO - Session ID: 202503121757549648, This is the Current Stock Price: 42.05
2025-03-12 17:59:52,383 - INFO - Session ID: 202503121757549648, FCF Row:
[18922000000.0, 12912000000.0, 10401000000.0, -28343000000.0]
2025-03-12 17:59:52,383 - INFO - Market Cap: 176891592704
2025-03-12 17:59:52,383 - INFO - Total Debt: 171694997504
2025-03-12 17:59:52,384 - INFO - Session ID: 202503121757549648, 
Revenue Row: 2024-12-31    28686000000.0
2023-12-31    28718000000.0
2022-12-31    30467000000.0
2021-12-31    32448000000.0
2020-12-31              NaN
Name: Operating Income, dtype: object
2025-03-12 17:59:52,385 - INFO - AAGR: nan
2025-03-12 17:59:52,386 - INFO - Forecasted Cash Flows: [np.float64(nan), np.float64(nan), np.float64(nan), np.float64(nan)]
2025-03-12 17:59:52,386 - INFO - Tax Rate: 0.2422335
2025-03-12 17:59:52,653 - INFO - T-Bill Rate:, 4.195000171661377
2025-03-12 17:59:52,653 - INFO - Risk Free Rate:, 0.04195000171661377
2025-03-12 17:59:52,673 - INFO - This is the Cost of Equity VZ: 3.476%
2025-03-12 17:59:52,673 - INFO - Above the risk-free rate (4.195%)
2025-03-12 17:59:52,673 - INFO - This is the Total Cost of Equity required by an investor to hold VZ: 7.671%
2025-03-12 17:59:52,673 - INFO - Cost of Equity: 0.07671024578258828
2025-03-12 17:59:52,674 - INFO - Cost of Debt: 0.027626297379436893
2025-03-12 17:59:52,674 - INFO - WACC: 0.04923800756154922
2025-03-12 17:59:52,674 - INFO - Discounted CF: [np.float64(nan), np.float64(nan), np.float64(nan), np.float64(nan)]
2025-03-12 17:59:53,126 - INFO - Perpetuity Growth Rate: 0.00467
2025-03-12 17:59:53,126 - INFO - Total Present Value: nan
2025-03-12 17:59:53,126 - INFO - Intrinsic Value/Share: nan
2025-03-12 17:59:53,126 - INFO - Undervalue/Overvalue: nan
