2025-03-12 14:22:31,302 - INFO - Session ID: 202503121422268120, Ticker: XOM, Message: Starting processing TICKER.
2025-03-12 14:22:32,513 - INFO - Session ID: 202503121422268120, This is the Current Stock Price: 110.1
2025-03-12 14:22:32,515 - INFO - Session ID: 202503121422268120, FCF Row:
[30716000000.0, 33450000000.0, 58390000000.0, 36053000000.0]
2025-03-12 14:22:32,515 - INFO - Market Cap: 473660555264
2025-03-12 14:22:32,515 - INFO - Total Debt: 48308998144
2025-03-12 14:22:32,515 - INFO - Session ID: 202503121422268120, 
Revenue Row: 2024-12-31     76742000000.0
2023-12-31     84142000000.0
2022-12-31    103067000000.0
2021-12-31     64886000000.0
2020-12-31               NaN
Name: Gross Profit, dtype: object
2025-03-12 14:22:32,516 - INFO - AAGR: nan
2025-03-12 14:22:32,516 - INFO - Forecasted Cash Flows: [np.float64(nan), np.float64(nan), np.float64(nan), np.float64(nan)]
2025-03-12 14:22:32,516 - INFO - Tax Rate: 0.30371975
2025-03-12 14:22:32,901 - INFO - T-Bill Rate:, 4.195000171661377
2025-03-12 14:22:32,901 - INFO - Risk Free Rate:, 0.04195000171661377
2025-03-12 14:22:33,047 - INFO - This is the Cost of Equity XOM: 3.623%
2025-03-12 14:22:33,047 - INFO - Above the risk-free rate (4.195%)
2025-03-12 14:22:33,047 - INFO - This is the Total Cost of Equity required by an investor to hold XOM: 7.818%
2025-03-12 14:22:33,047 - INFO - Cost of Equity: 0.07817603811448404
2025-03-12 14:22:33,048 - INFO - Cost of Debt: 0.02085027297014752
2025-03-12 14:22:33,048 - INFO - WACC: 0.07228436542763332
2025-03-12 14:22:33,048 - INFO - Discounted CF: [np.float64(nan), np.float64(nan), np.float64(nan), np.float64(nan)]
2025-03-12 14:22:33,437 - INFO - Perpetuity Growth Rate: 0.00875
2025-03-12 14:22:33,437 - INFO - Total Present Value: nan
2025-03-12 14:22:33,437 - INFO - Intrinsic Value/Share: nan
2025-03-12 14:22:33,437 - INFO - Undervalue/Overvalue: nan
2025-03-12 14:25:01,178 - INFO - Session ID: 202503121422268120, Ticker: MSFT, Message: Starting processing TICKER.
2025-03-12 14:25:02,546 - INFO - Session ID: 202503121422268120, This is the Current Stock Price: 380.8
2025-03-12 14:25:02,547 - INFO - Session ID: 202503121422268120, FCF Row:
[74071000000.0, 59475000000.0, 65149000000.0, 56118000000.0]
2025-03-12 14:25:02,547 - INFO - Market Cap: 2828257722368
2025-03-12 14:25:02,547 - INFO - Total Debt: 102909001728
2025-03-12 14:25:02,547 - INFO - Session ID: 202503121422268120, 
Revenue Row: 2024-06-30    29510000000.0
2023-06-30    27195000000.0
2022-06-30    24512000000.0
2021-06-30    20716000000.0
Name: Research And Development, dtype: object
2025-03-12 14:25:02,548 - INFO - AAGR: 0.12594084756053106
2025-03-12 14:25:02,548 - INFO - Forecasted Cash Flows: [np.float64(83399564519.6561), np.float64(75399002566.41182), np.float64(92993903712.08502), np.float64(90191266353.44756)]
2025-03-12 14:25:02,549 - INFO - Tax Rate: 0.1603165
2025-03-12 14:25:02,762 - INFO - T-Bill Rate:, 4.195000171661377
2025-03-12 14:25:02,762 - INFO - Risk Free Rate:, 0.04195000171661377
2025-03-12 14:25:02,781 - INFO - This is the Cost of Equity MSFT: 0.366%
2025-03-12 14:25:02,781 - INFO - Above the risk-free rate (4.195%)
2025-03-12 14:25:02,781 - INFO - This is the Total Cost of Equity required by an investor to hold MSFT: 4.561%
2025-03-12 14:25:02,781 - INFO - Cost of Equity: 0.04561397365670195
2025-03-12 14:25:02,782 - INFO - Cost of Debt: 0.03635554410335094
2025-03-12 14:25:02,782 - INFO - WACC: 0.04508429723271023
2025-03-12 14:25:02,782 - INFO - Discounted CF: [np.float64(79801758327.52505), np.float64(69033986936.25676), np.float64(81470524430.92963), np.float64(75606510677.04918)]
2025-03-12 14:25:03,207 - INFO - Perpetuity Growth Rate: 0.02187
2025-03-12 14:25:03,207 - INFO - Total Present Value: 3490462116861.233
2025-03-12 14:25:03,207 - INFO - Intrinsic Value/Share: 469.5180145358155
2025-03-12 14:25:03,207 - INFO - Undervalue/Overvalue: 88.71801453581548
