2025-03-12 14:11:54,998 - INFO - Session ID: 202503121411473764, Ticker: PG, Message: Starting processing TICKER.
2025-03-12 14:11:56,628 - INFO - Session ID: 202503121411473764, This is the Current Stock Price: 173.39
2025-03-12 14:11:56,630 - INFO - Session ID: 202503121411473764, FCF Row:
[16524000000.0, 13786000000.0, 13567000000.0, 15584000000.0]
2025-03-12 14:11:56,631 - INFO - Market Cap: 405940404224
2025-03-12 14:11:56,631 - INFO - Total Debt: 34687000576
2025-03-12 14:11:56,631 - INFO - Session ID: 202503121411473764, 
Revenue Row: 2024-06-30    19886000000.0
2023-06-30    18134000000.0
2022-06-30    17813000000.0
2021-06-30    17986000000.0
Name: Operating Income, dtype: object
2025-03-12 14:11:56,633 - INFO - AAGR: 0.035005349874431844
2025-03-12 14:11:56,633 - INFO - Forecasted Cash Flows: [np.float64(17102428401.325111), np.float64(14768060519.86823), np.float64(15042208665.474598), np.float64(17883368190.678806)]
2025-03-12 14:11:56,634 - INFO - Tax Rate: 0.14550000000000002
2025-03-12 14:11:57,056 - INFO - T-Bill Rate:, 4.195000171661377
2025-03-12 14:11:57,056 - INFO - Risk Free Rate:, 0.04195000171661377
2025-03-12 14:11:57,183 - INFO - This is the Cost of Equity PG: 3.030%
2025-03-12 14:11:57,183 - INFO - Above the risk-free rate (4.195%)
2025-03-12 14:11:57,183 - INFO - This is the Total Cost of Equity required by an investor to hold PG: 7.225%
2025-03-12 14:11:57,184 - INFO - Cost of Equity: 0.07224645276890014
2025-03-12 14:11:57,184 - INFO - Cost of Debt: 0.019578268271557002
2025-03-12 14:11:57,184 - INFO - WACC: 0.0678760662833398
2025-03-12 14:11:57,184 - INFO - Discounted CF: [np.float64(16015368207.332142), np.float64(12950357498.104025), np.float64(12352334672.328392), np.float64(13752001340.601723)]
2025-03-12 14:11:57,608 - INFO - Perpetuity Growth Rate: 0.00965
2025-03-12 14:11:57,608 - INFO - Total Present Value: 278375064160.8514
2025-03-12 14:11:57,608 - INFO - Intrinsic Value/Share: 118.10311876985966
2025-03-12 14:11:57,608 - INFO - Undervalue/Overvalue: -55.286881230140324
